###############################################################################
#
# IAR ELF Linker V3.11.1.207 for STM8                     05/Sep/2022  22:54:57
# Copyright 2010-2019 IAR Systems AB.
#
#    Output file  =  C:\Files\stm8\stm8sLib\Debug\Exe\lib.out
#    Map file     =  C:\Files\stm8\stm8sLib\Debug\List\lib.map
#    Command line =  
#        -f C:\Users\Rocky\AppData\Local\Temp\EWB971.tmp
#        (C:\Files\stm8\stm8sLib\Debug\Obj\main.o
#        C:\Files\stm8\stm8sLib\Debug\Obj\stm8s_exti.o
#        C:\Files\stm8\stm8sLib\Debug\Obj\stm8s_gpio.o
#        C:\Files\stm8\stm8sLib\Debug\Obj\stm8s_it.o --redirect
#        _Printf=_PrintfFullNoMb --redirect _Scanf=_ScanfFullNoMb
#        --no_out_extension -o C:\Files\stm8\stm8sLib\Debug\Exe\lib.out --map
#        C:\Files\stm8\stm8sLib\Debug\List\lib.map --config "C:\Program Files
#        (x86)\IAR Systems\Embedded Workbench
#        8.3\stm8\config\lnkstm8s103f3.icf" --config_def _CSTACK_SIZE=0x100
#        --config_def _HEAP_SIZE=0x100 --entry __iar_program_start --debug_lib)
#
###############################################################################

*******************************************************************************
*** RUNTIME MODEL ATTRIBUTES
***

__SystemLibrary            = DLib
__code_model               = small
__core                     = stm8
__data_model               = medium
__dlib_file_descriptor     = 0
__dlib_full_locale_support = 0
__rt_version               = 4


*******************************************************************************
*** PLACEMENT SUMMARY
***

"A0":  place at start of [0x000000-0x0000ff] { rw section .vregs };
"A1":  place at end of [0x000000-0x0003ff] { block CSTACK };
"A2":  place at start of [0x008000-0x009fff] { block INTVEC };
"P3":  place in [from 0x008000 to 0x009fff] {
          ro section __DLIB_PERTHREAD_init, ro section .far.data_init,
          ro section .far_func.textrw_init, ro section .huge.data_init,
          ro section .huge_func.textrw_init, ro section .iar.init_table,
          ro section .init_array, ro section .near.data_init,
          ro section .near.rodata, ro section .near_func.text,
          ro section .near_func.textrw_init, ro section .tiny.data_init,
          ro section .tiny.rodata_init };
"P4":  place in [from 0x008000 to 0x009fff] {
          ro section .far.rodata, ro section .far_func.text };
"P5":  place in [from 0x008000 to 0x009fff] {
          ro section .huge.rodata, ro section .huge_func.text };
do not initialize {
   rw section .eeprom.noinit, rw section .far.noinit, rw section .huge.noinit,
   rw section .near.noinit, rw section .tiny.noinit, rw section .vregs };

No sections matched the following patterns:

  ro section .far.data_init          in "P3-P5"
  ro section .far.rodata             in "P3-P5"
  ro section .far_func.text          in "P3-P5"
  ro section .far_func.textrw_init   in "P3-P5"
  ro section .huge.data_init         in "P3-P5"
  ro section .huge.rodata            in "P3-P5"
  ro section .huge_func.text         in "P3-P5"
  ro section .huge_func.textrw_init  in "P3-P5"
  ro section .iar.init_table         in "P3-P5"
  ro section .init_array             in "P3-P5"
  ro section .near.data_init         in "P3-P5"
  ro section .near_func.textrw_init  in "P3-P5"
  ro section .tiny.data_init         in "P3-P5"
  ro section .tiny.rodata_init       in "P3-P5"
  ro section __DLIB_PERTHREAD_init   in "P3-P5"
  rw section .far.bss                in "P2"
  rw section .far.data               in "P2"
  rw section .far.noinit             in "P2"
  rw section .far_func.textrw        in "P2"
  rw section .huge.bss               in "P2"
  rw section .huge.data              in "P2"
  rw section .huge.noinit            in "P2"
  rw section .huge_func.textrw       in "P2"
  rw section .iar.dynexit            in "P2"
  rw section .near.bss               in "P2"
  rw section .near.data              in "P2"
  rw section .near.noinit            in "P2"
  rw section .near_func.textrw       in "P2"
  rw section .tiny.bss               in "P1"
  rw section .tiny.data              in "P1"
  rw section .tiny.noinit            in "P1"
  rw section .tiny.rodata            in "P1"
  rw section __DLIB_PERTHREAD        in "P2"
  section .eeprom.data               in "P6-P8"
  section .eeprom.noinit             in "P6-P8"
  section .eeprom.rodata             in "P6-P8"


  Section          Kind      Address   Size  Object
  -------          ----      -------   ----  ------
"A0":                                   0xc
  .vregs           uninit   0x000000    0xc  vregs.o [4]
                          - 0x00000c    0xc

"A1":                                 0x100
  CSTACK                    0x000300  0x100  <Block>
    CSTACK         uninit   0x000300  0x100  <Block tail>
                          - 0x000400  0x100

"A2":                                  0x80
  INTVEC                    0x008000   0x80  <Block>
    .intvec        const    0x008000   0x80  interrupt.o [4]
                          - 0x008080   0x80

"P3-P5":                              0x3cc
  .near_func.text  ro code  0x008080  0x110  stm8s_gpio.o [1]
  .near_func.text  ro code  0x008190   0xd1  stm8s_exti.o [1]
  .near_func.text  ro code  0x008261   0x84  vreg_util.o [4]
  .near_func.text  ro code  0x0082e5   0x46  main.o [1]
  .near.rodata     const    0x00832b   0x3f  stm8s_exti.o [1]
  .near.rodata     const    0x00836a   0x3f  stm8s_gpio.o [1]
  .near_func.text  ro code  0x0083a9   0x27  main.o [1]
  .near_func.text  ro code  0x0083d0   0x14  init.o [4]
  .near_func.text  ro code  0x0083e4   0x14  __dbg_xxexit.o [3]
  .near_func.text  ro code  0x0083f8   0x13  cstartup.o [4]
  .near_func.text  ro code  0x00840b    0x9  stm8s_exti.o [1]
  .near_func.text  ro code  0x008414    0x7  stm8s_gpio.o [1]
  .near_func.text  ro code  0x00841b    0x6  char.o [4]
  .near_func.text  ro code  0x008421    0x5  cexit.o [4]
  .near_func.text  ro code  0x008426    0x4  stm8s_gpio.o [1]
  .near_func.text  ro code  0x00842a    0x3  interrupt.o [4]
  .near_func.text  ro code  0x00842d    0x3  low_level_init.o [4]
  .near_func.text  ro code  0x008430    0x3  exit.o [4]
  .near_func.text  ro code  0x008433    0x3  unhandled_exception.o [4]
  .near_func.text  ro code  0x008436    0x2  main.o [1]
  .near_func.text  ro code  0x008438    0x1  stm8s_it.o [1]
  .near_func.text  ro code  0x008439    0x1  stm8s_it.o [1]
  .near_func.text  ro code  0x00843a    0x1  stm8s_it.o [1]
  .near_func.text  ro code  0x00843b    0x1  stm8s_it.o [1]
  .near_func.text  ro code  0x00843c    0x1  stm8s_it.o [1]
  .near_func.text  ro code  0x00843d    0x1  stm8s_it.o [1]
  .near_func.text  ro code  0x00843e    0x1  stm8s_it.o [1]
  .near_func.text  ro code  0x00843f    0x1  stm8s_it.o [1]
  .near_func.text  ro code  0x008440    0x1  stm8s_it.o [1]
  .near_func.text  ro code  0x008441    0x1  stm8s_it.o [1]
  .near_func.text  ro code  0x008442    0x1  stm8s_it.o [1]
  .near_func.text  ro code  0x008443    0x1  stm8s_it.o [1]
  .near_func.text  ro code  0x008444    0x1  stm8s_it.o [1]
  .near_func.text  ro code  0x008445    0x1  stm8s_it.o [1]
  .near_func.text  ro code  0x008446    0x1  stm8s_it.o [1]
  .near_func.text  ro code  0x008447    0x1  stm8s_it.o [1]
  .near_func.text  ro code  0x008448    0x1  stm8s_it.o [1]
  .near_func.text  ro code  0x008449    0x1  stm8s_it.o [1]
  .near_func.text  ro code  0x00844a    0x1  stm8s_it.o [1]
  .near_func.text  ro code  0x00844b    0x1  __dbg_break.o [3]
                          - 0x00844c  0x3cc



*******************************************************************************
*** MODULE SUMMARY
***

    Module                 ro code  ro data  rw data
    ------                 -------  -------  -------
C:\Files\stm8\stm8sLib\Debug\Obj: [1]
    main.o                     111
    stm8s_exti.o               218       63
    stm8s_gpio.o               283       63
    stm8s_it.o                  19
    ------------------------------------------------
    Total:                     631      126

command line: [2]
    ------------------------------------------------
    Total:

dbgstm8smd.a: [3]
    __dbg_break.o                1
    __dbg_xxexit.o              20
    ------------------------------------------------
    Total:                      21

dlstm8smn.a: [4]
    cexit.o                      5
    char.o                       6
    cstartup.o                  19
    exit.o                       3
    init.o                      20
    interrupt.o                  3      128
    low_level_init.o             3
    unhandled_exception.o        3
    vreg_util.o                132
    vregs.o                                       12
    ------------------------------------------------
    Total:                     194      128       12

    Linker created                               256
----------------------------------------------------
    Grand Total:               846      254      268


*******************************************************************************
*** ENTRY LIST
***

Entry                     Address   Size  Type      Object
-----                     -------   ----  ----      ------
?b0                      0x000000         Data  Gb  vregs.o [4]
?b1                      0x000001         Data  Gb  vregs.o [4]
?b10                     0x00000a         Data  Gb  vregs.o [4]
?b11                     0x00000b         Data  Gb  vregs.o [4]
?b2                      0x000002         Data  Gb  vregs.o [4]
?b3                      0x000003         Data  Gb  vregs.o [4]
?b4                      0x000004         Data  Gb  vregs.o [4]
?b5                      0x000005         Data  Gb  vregs.o [4]
?b6                      0x000006         Data  Gb  vregs.o [4]
?b7                      0x000007         Data  Gb  vregs.o [4]
?b8                      0x000008         Data  Gb  vregs.o [4]
?b9                      0x000009         Data  Gb  vregs.o [4]
?e0                      0x000001         Data  Gb  vregs.o [4]
?e1                      0x000005         Data  Gb  vregs.o [4]
?e2                      0x000009         Data  Gb  vregs.o [4]
?epilogue_l2             0x0082dd         Code  Gb  vreg_util.o [4]
?epilogue_w4             0x0082e1         Code  Gb  vreg_util.o [4]
?l0                      0x000000         Data  Gb  vregs.o [4]
?l1                      0x000004         Data  Gb  vregs.o [4]
?l2                      0x000008         Data  Gb  vregs.o [4]
?pop_l0                  0x0082b4         Code  Gb  vreg_util.o [4]
?pop_l1                  0x0082bf         Code  Gb  vreg_util.o [4]
?pop_l2                  0x0082ca         Code  Gb  vreg_util.o [4]
?pop_w4                  0x008279         Code  Gb  vreg_util.o [4]
?push_l0                 0x008288         Code  Gb  vreg_util.o [4]
?push_l1                 0x00828d         Code  Gb  vreg_util.o [4]
?push_l2                 0x008292         Code  Gb  vreg_util.o [4]
?push_w4                 0x008261         Code  Gb  vreg_util.o [4]
?sll8_a_a_5              0x00841c         Code  Gb  char.o [4]
?sll8_a_a_6              0x00841b         Code  Gb  char.o [4]
?w0                      0x000000         Data  Gb  vregs.o [4]
?w1                      0x000002         Data  Gb  vregs.o [4]
?w2                      0x000004         Data  Gb  vregs.o [4]
?w3                      0x000006         Data  Gb  vregs.o [4]
?w4                      0x000008         Data  Gb  vregs.o [4]
?w5                      0x00000a         Data  Gb  vregs.o [4]
ADC1_IRQHandler          0x008448    0x1  Code  Gb  stm8s_it.o [1]
AWU_IRQHandler           0x00843a    0x1  Code  Gb  stm8s_it.o [1]
CLK_IRQHandler           0x00843b    0x1  Code  Gb  stm8s_it.o [1]
CSTACK$$Base             0x000300          --   Gb  - Linker created -
CSTACK$$Limit            0x000400          --   Gb  - Linker created -
EEPROM_EEC_IRQHandler    0x00844a    0x1  Code  Gb  stm8s_it.o [1]
EXTI_DeInit              0x00840b    0x9  Code  Gb  stm8s_exti.o [1]
EXTI_PORTA_IRQHandler    0x00843c    0x1  Code  Gb  stm8s_it.o [1]
EXTI_PORTB_IRQHandler    0x00843d    0x1  Code  Gb  stm8s_it.o [1]
EXTI_PORTC_IRQHandler    0x0082e5   0x46  Code  Gb  main.o [1]
EXTI_PORTD_IRQHandler    0x00843e    0x1  Code  Gb  stm8s_it.o [1]
EXTI_PORTE_IRQHandler    0x00843f    0x1  Code  Gb  stm8s_it.o [1]
EXTI_SetExtIntSensitivity
                         0x008190   0xd1  Code  Gb  stm8s_exti.o [1]
GPIO_Init                0x008080  0x110  Code  Gb  stm8s_gpio.o [1]
GPIO_ReadInputPin        0x008414    0x7  Code  Gb  stm8s_gpio.o [1]
GPIO_WriteLow            0x008426    0x4  Code  Gb  stm8s_gpio.o [1]
I2C_IRQHandler           0x008447    0x1  Code  Gb  stm8s_it.o [1]
INTVEC$$Base             0x008000          --   Gb  - Linker created -
INTVEC$$Limit            0x008080          --   Gb  - Linker created -
Region$$Table$$Base    0x00000000          --   Gb  - Linker created -
Region$$Table$$Limit   0x00000000          --   Gb  - Linker created -
SPI_IRQHandler           0x008440    0x1  Code  Gb  stm8s_it.o [1]
TIM1_CAP_COM_IRQHandler
                         0x008442    0x1  Code  Gb  stm8s_it.o [1]
TIM1_UPD_OVF_TRG_BRK_IRQHandler
                         0x008441    0x1  Code  Gb  stm8s_it.o [1]
TIM2_CAP_COM_IRQHandler
                         0x008444    0x1  Code  Gb  stm8s_it.o [1]
TIM2_UPD_OVF_BRK_IRQHandler
                         0x008443    0x1  Code  Gb  stm8s_it.o [1]
TIM4_UPD_OVF_IRQHandler
                         0x008449    0x1  Code  Gb  stm8s_it.o [1]
TLI_IRQHandler           0x008439    0x1  Code  Gb  stm8s_it.o [1]
TRAP_IRQHandler          0x008438    0x1  Code  Gb  stm8s_it.o [1]
UART1_RX_IRQHandler      0x008446    0x1  Code  Gb  stm8s_it.o [1]
UART1_TX_IRQHandler      0x008445    0x1  Code  Gb  stm8s_it.o [1]
__DebugBreak             0x00844b    0x1  Code  Gb  __dbg_break.o [3]
__exit                   0x0083e4   0x14  Code  Gb  __dbg_xxexit.o [3]
__iar_data_init2         0x0083d0   0x14  Code  Gb  init.o [4]
__iar_program_start      0x0083f8         Code  Gb  cstartup.o [4]
__iar_unhandled_exception
                         0x008433         Code  Gb  unhandled_exception.o [4]
__intvec                 0x008000         Data  Gb  interrupt.o [4]
__low_level_init         0x00842d    0x3  Code  Gb  low_level_init.o [4]
_exit                    0x008421         Code  Gb  cexit.o [4]
_interrupt_1             0x008438         Code  Gb  stm8s_it.o [1]
_interrupt_12            0x008440         Code  Gb  stm8s_it.o [1]
_interrupt_13            0x008441         Code  Gb  stm8s_it.o [1]
_interrupt_14            0x008442         Code  Gb  stm8s_it.o [1]
_interrupt_15            0x008443         Code  Gb  stm8s_it.o [1]
_interrupt_16            0x008444         Code  Gb  stm8s_it.o [1]
_interrupt_19            0x008445         Code  Gb  stm8s_it.o [1]
_interrupt_2             0x008439         Code  Gb  stm8s_it.o [1]
_interrupt_20            0x008446         Code  Gb  stm8s_it.o [1]
_interrupt_21            0x008447         Code  Gb  stm8s_it.o [1]
_interrupt_24            0x008448         Code  Gb  stm8s_it.o [1]
_interrupt_25            0x008449         Code  Gb  stm8s_it.o [1]
_interrupt_26            0x00844a         Code  Gb  stm8s_it.o [1]
_interrupt_3             0x00843a         Code  Gb  stm8s_it.o [1]
_interrupt_4             0x00843b         Code  Gb  stm8s_it.o [1]
_interrupt_5             0x00843c         Code  Gb  stm8s_it.o [1]
_interrupt_6             0x00843d         Code  Gb  stm8s_it.o [1]
_interrupt_7             0x0082e5         Code  Gb  main.o [1]
_interrupt_8             0x00843e         Code  Gb  stm8s_it.o [1]
_interrupt_9             0x00843f         Code  Gb  stm8s_it.o [1]
assert_failed            0x008436    0x2  Code  Gb  main.o [1]
exit                     0x008430    0x3  Code  Gb  exit.o [4]
main                     0x0083a9   0x27  Code  Gb  main.o [1]


[1] = C:\Files\stm8\stm8sLib\Debug\Obj
[2] = command line
[3] = dbgstm8smd.a
[4] = dlstm8smn.a

  846 bytes of readonly  code memory
  254 bytes of readonly  data memory
  268 bytes of readwrite data memory

Errors: none
Warnings: none
